{
  "data": {},
  "fields": {
    "minorBlocks": [
      {
        "__type__": "bytes",
        "__value__": "0909090909090909090909090909090909090909090909090909090909090909"
      }
    ],
    "rootChainAnchor": {
      "__type__": "bytes",
      "__value__": "0707070707070707070707070707070707070707070707070707070707070707"
    },
    "source": "acc://example.acme",
    "stateTreeAnchor": {
      "__type__": "bytes",
      "__value__": "0808080808080808080808080808080808080808080808080808080808080808"
    }
  },
  "hash": "44136fa355b3678a1146ad16f7e8649e94fb4fc21fe77e8310c060f61caaff8a",
  "source": "synthetic",
  "source_file": "generated",
  "source_path": "synthetic.BlockValidatorAnchor"
}