{
  "data": {},
  "fields": {
    "rootChainAnchor": {
      "__type__": "bytes",
      "__value__": "0505050505050505050505050505050505050505050505050505050505050505"
    },
    "source": "acc://example.acme",
    "stateTreeAnchor": {
      "__type__": "bytes",
      "__value__": "0606060606060606060606060606060606060606060606060606060606060606"
    }
  },
  "hash": "44136fa355b3678a1146ad16f7e8649e94fb4fc21fe77e8310c060f61caaff8a",
  "source": "synthetic",
  "source_file": "generated",
  "source_path": "synthetic.DirectoryAnchor"
}