{
  "data": {
    "body": {
      "to": [
        {
          "amount": "200000",
          "url": "acc://0test1test01.acme/staking"
        }
      ],
      "type": "sendTokens"
    },
    "header": {
      "initiator": "cf44e0f55dddb5858481ebb2369c35957b38d228d32db1475b051113755bd965",
      "principal": "acc://0test1test01.acme/tokens"
    }
  },
  "hash": "29c9985bea2e526db229b5d57ed2c91b7530a9299b4cb9d6c87954341913bea2",
  "source": "upstream",
  "source_file": "C:\\Accumulate_Stuff\\accumulate\\tools\\cmd\\debug\\test_files\\test_envelope_fixed.json",
  "source_path": "transaction[0]"
}