{
  "data": {},
  "fields": {
    "cause": {
      "__type__": "bytes",
      "__value__": "0b0b0b0b0b0b0b0b0b0b0b0b0b0b0b0b0b0b0b0b0b0b0b0b0b0b0b0b0b0b0b0b"
    },
    "data": {
      "__type__": "bytes",
      "__value__": "73796e7468657469632064617461"
    }
  },
  "hash": "44136fa355b3678a1146ad16f7e8649e94fb4fc21fe77e8310c060f61caaff8a",
  "source": "synthetic",
  "source_file": "generated",
  "source_path": "synthetic.SyntheticWriteData"
}