{
  "data": {},
  "fields": {
    "amount": 1000000,
    "cause": {
      "__type__": "bytes",
      "__value__": "0c0c0c0c0c0c0c0c0c0c0c0c0c0c0c0c0c0c0c0c0c0c0c0c0c0c0c0c0c0c0c0c"
    },
    "token": "acc://acme.acme/tokens"
  },
  "hash": "44136fa355b3678a1146ad16f7e8649e94fb4fc21fe77e8310c060f61caaff8a",
  "source": "synthetic",
  "source_file": "generated",
  "source_path": "synthetic.SyntheticDepositTokens"
}