{
  "data": {},
  "fields": {
    "newKeyHash": {
      "__type__": "bytes",
      "__value__": "0404040404040404040404040404040404040404040404040404040404040404"
    }
  },
  "hash": "44136fa355b3678a1146ad16f7e8649e94fb4fc21fe77e8310c060f61caaff8a",
  "source": "synthetic",
  "source_file": "generated",
  "source_path": "synthetic.UpdateKey"
}