{
  "data": {
    "publicKey": "dff03fddf03d29a1f45daf8e9f2bd7c68ee3f2989b0c6c3385946d20f04b4926",
    "signature": "cff669b816312fbac709f12b0d18a96bcab6a570c27b2d13f662a04afdfeb36f59ddb9249f803677ed928e27500b7c35aebce432141ea9e3af1eb8fbb901420a",
    "signer": "acc://0test1test01.acme/book/1",
    "signerVersion": 51,
    "timestamp": 1757520686204512,
    "transactionHash": "79dba12a7293204c2f38ac9946756a8ae8cc1b5c33072522d0e1fe21c3dbb674",
    "type": "ed25519"
  },
  "hash": "b5794e008852155949db81a1e613931025f1dfe0b8f29c3d637e15ab01fef725",
  "source": "upstream",
  "source_file": "C:\\Accumulate_Stuff\\accumulate\\tools\\cmd\\debug\\test_files\\test_envelope_fixed.json",
  "source_path": "signatures[0]"
}